<?xml version="1.0" encoding="UTF-8"?>
<testsuites name="jest tests" tests="1" failures="0" errors="0" time="0.346">
  <testsuite name="setToWildcard" errors="0" failures="0" skipped="0" timestamp="2026-05-07T08:57:13" time="0.125" tests="1">
    <testcase classname="setToWildcard sets dropdown to wildcard state correctly" name="setToWildcard sets dropdown to wildcard state correctly" time="0.005">
    </testcase>
  </testsuite>
</testsuites>